    <div>
        <ul>
            <li><p>test</p></li>
        </ul>
    </div>
